Flow report for Marathon_A
Tue Oct  6 19:24:07 2026
Quartus Prime Version 20.1.0 Build 711 06/05/2020 SJ Lite Edition


---------------------
; Table of Contents ;
---------------------
  1. Legal Notice
  2. Flow Summary
  3. Flow Settings
  4. Flow Non-Default Global Settings
  5. Flow Elapsed Time
  6. Flow OS Summary
  7. Flow Log
  8. Flow Messages
  9. Flow Suppressed Messages



----------------
; Legal Notice ;
----------------
Copyright (C) 2020  Intel Corporation. All rights reserved.
Your use of Intel Corporation's design tools, logic functions 
and other software and tools, and any partner logic 
functions, and any output files from any of the foregoing 
(including device programming or simulation files), and any 
associated documentation or information are expressly subject 
to the terms and conditions of the Intel Program License 
Subscription Agreement, the Intel Quartus Prime License Agreement,
the Intel FPGA IP License Agreement, or other applicable license
agreement, including, without limitation, that your use is for
the sole purpose of programming logic devices manufactured by
Intel and sold by Intel or its authorized distributors.  Please
refer to the applicable agreement for further details, at
https://fpgasoftware.intel.com/eula.



+----------------------------------------------------------------------------------+
; Flow Summary                                                                     ;
+------------------------------------+---------------------------------------------+
; Flow Status                        ; Successful - Tue Oct  6 19:24:07 2026       ;
; Quartus Prime Version              ; 20.1.0 Build 711 06/05/2020 SJ Lite Edition ;
; Revision Name                      ; Marathon_A                                  ;
; Top-level Entity Name              ; ov7670_capture                              ;
; Family                             ; Cyclone IV E                                ;
; Total logic elements               ; 30 / 6,272 ( < 1 % )                        ;
;     Total combinational functions  ; 22 / 6,272 ( < 1 % )                        ;
;     Dedicated logic registers      ; 27 / 6,272 ( < 1 % )                        ;
; Total registers                    ; 27                                          ;
; Total pins                         ; 30 / 92 ( 33 % )                            ;
; Total virtual pins                 ; 0                                           ;
; Total memory bits                  ; 0 / 276,480 ( 0 % )                         ;
; Embedded Multiplier 9-bit elements ; 0 / 30 ( 0 % )                              ;
; Total PLLs                         ; 0 / 2 ( 0 % )                               ;
; Device                             ; EP4CE6E22C6                                 ;
; Timing Models                      ; Final                                       ;
+------------------------------------+---------------------------------------------+


+-----------------------------------------+
; Flow Settings                           ;
+-------------------+---------------------+
; Option            ; Setting             ;
+-------------------+---------------------+
; Start date & time ; 10/06/2026 19:23:56 ;
; Main task         ; Compilation         ;
; Revision Name     ; Marathon_A          ;
+-------------------+---------------------+


+----------------------------------------------------------------------------------------------------------------------------------------------------+
; Flow Non-Default Global Settings                                                                                                                   ;
+--------------------------------------+----------------------------------------+---------------+----------------+-----------------------------------+
; Assignment Name                      ; Value                                  ; Default Value ; Entity Name    ; Section Id                        ;
+--------------------------------------+----------------------------------------+---------------+----------------+-----------------------------------+
; COMPILER_SIGNATURE_ID                ; 185691063725368.179129483614427        ; --            ; --             ; --                                ;
; EDA_DESIGN_INSTANCE_NAME             ; NA                                     ; --            ; --             ; tb_ov7670_capture                 ;
; EDA_GENERATE_FUNCTIONAL_NETLIST      ; Off                                    ; --            ; --             ; eda_board_design_timing           ;
; EDA_GENERATE_FUNCTIONAL_NETLIST      ; Off                                    ; --            ; --             ; eda_board_design_boundary_scan    ;
; EDA_GENERATE_FUNCTIONAL_NETLIST      ; Off                                    ; --            ; --             ; eda_board_design_signal_integrity ;
; EDA_GENERATE_FUNCTIONAL_NETLIST      ; Off                                    ; --            ; --             ; eda_board_design_symbol           ;
; EDA_NATIVELINK_SIMULATION_TEST_BENCH ; tb_ov7670_capture                      ; --            ; --             ; eda_simulation                    ;
; EDA_OUTPUT_DATA_FORMAT               ; Verilog Hdl                            ; --            ; --             ; eda_simulation                    ;
; EDA_SIMULATION_TOOL                  ; ModelSim-Altera (Verilog)              ; <None>        ; --             ; --                                ;
; EDA_TEST_BENCH_ENABLE_STATUS         ; TEST_BENCH_MODE                        ; --            ; --             ; eda_simulation                    ;
; EDA_TEST_BENCH_FILE                  ; tb_ov7670_capture.v                    ; --            ; --             ; tb_ov7670_capture                 ;
; EDA_TEST_BENCH_MODULE_NAME           ; tb_ov7670_capture                      ; --            ; --             ; tb_ov7670_capture                 ;
; EDA_TEST_BENCH_NAME                  ; tb_ov7670_capture                      ; --            ; --             ; eda_simulation                    ;
; EDA_TIME_SCALE                       ; 1 ps                                   ; --            ; --             ; eda_simulation                    ;
; PARTITION_COLOR                      ; -- (Not supported for targeted family) ; --            ; ov7670_capture ; Top                               ;
; PARTITION_FITTER_PRESERVATION_LEVEL  ; -- (Not supported for targeted family) ; --            ; ov7670_capture ; Top                               ;
; PARTITION_NETLIST_TYPE               ; -- (Not supported for targeted family) ; --            ; ov7670_capture ; Top                               ;
; PROJECT_OUTPUT_DIRECTORY             ; output_files                           ; --            ; --             ; --                                ;
; TOP_LEVEL_ENTITY                     ; ov7670_capture                         ; Marathon_A    ; --             ; --                                ;
+--------------------------------------+----------------------------------------+---------------+----------------+-----------------------------------+


+--------------------------------------------------------------------------------------------------------------------------+
; Flow Elapsed Time                                                                                                        ;
+----------------------+--------------+-------------------------+---------------------+------------------------------------+
; Module Name          ; Elapsed Time ; Average Processors Used ; Peak Virtual Memory ; Total CPU Time (on all processors) ;
+----------------------+--------------+-------------------------+---------------------+------------------------------------+
; Analysis & Synthesis ; 00:00:05     ; 1.0                     ; 430 MB              ; 00:00:13                           ;
; Fitter               ; 00:00:02     ; 1.0                     ; 1085 MB             ; 00:00:03                           ;
; Assembler            ; 00:00:00     ; 1.0                     ; 343 MB              ; 00:00:00                           ;
; Timing Analyzer      ; 00:00:01     ; 1.0                     ; 483 MB              ; 00:00:01                           ;
; EDA Netlist Writer   ; 00:00:00     ; 1.0                     ; 592 MB              ; 00:00:00                           ;
; Total                ; 00:00:08     ; --                      ; --                  ; 00:00:17                           ;
+----------------------+--------------+-------------------------+---------------------+------------------------------------+


+----------------------------------------------------------------------------------------------------------+
; Flow OS Summary                                                                                          ;
+----------------------+------------------------------------+----------------+------------+----------------+
; Module Name          ; Machine Hostname                   ; OS Name        ; OS Version ; Processor type ;
+----------------------+------------------------------------+----------------+------------+----------------+
; Analysis & Synthesis ; aditya-mehta06-HP-Laptop-15-fd0xxx ; Ubuntu 22.04.5 ; 22         ; x86_64         ;
; Fitter               ; aditya-mehta06-HP-Laptop-15-fd0xxx ; Ubuntu 22.04.5 ; 22         ; x86_64         ;
; Assembler            ; aditya-mehta06-HP-Laptop-15-fd0xxx ; Ubuntu 22.04.5 ; 22         ; x86_64         ;
; Timing Analyzer      ; aditya-mehta06-HP-Laptop-15-fd0xxx ; Ubuntu 22.04.5 ; 22         ; x86_64         ;
; EDA Netlist Writer   ; aditya-mehta06-HP-Laptop-15-fd0xxx ; Ubuntu 22.04.5 ; 22         ; x86_64         ;
+----------------------+------------------------------------+----------------+------------+----------------+


------------
; Flow Log ;
------------
quartus_map --read_settings_files=on --write_settings_files=off Marathon_A -c Marathon_A
quartus_fit --read_settings_files=off --write_settings_files=off Marathon_A -c Marathon_A
quartus_asm --read_settings_files=off --write_settings_files=off Marathon_A -c Marathon_A
quartus_sta Marathon_A -c Marathon_A
quartus_eda --read_settings_files=off --write_settings_files=off Marathon_A -c Marathon_A



